******************************************************************************
                  MSP430 Linker PC v15.12.3                    
******************************************************************************
>> Linked Thu Nov 17 17:40:46 2016

OUTPUT FILE NAME:   <RF Beacon Tx.out>
ENTRY POINT SYMBOL: "_c_int00_noargs_noexit"  address: 0000ccd0


MEMORY CONFIGURATION

         name            origin    length      used     unused   attr    fill
----------------------  --------  ---------  --------  --------  ----  --------
  SFR                   00000000   00000010  00000000  00000010  RWIX
  PERIPHERALS_8BIT      00000010   000000f0  00000000  000000f0  RWIX
  PERIPHERALS_16BIT     00000100   00000100  00000000  00000100  RWIX
  RAM                   00000200   00000200  000000a5  0000015b  RWIX
  INFOD                 00001000   00000040  00000000  00000040  RWIX
  INFOC                 00001040   00000040  00000000  00000040  RWIX
  INFOB                 00001080   00000040  00000000  00000040  RWIX
  INFOA                 000010c0   00000040  00000000  00000040  RWIX
  FLASH                 0000c000   00003fe0  00000f58  00003088  RWIX
  INT00                 0000ffe0   00000002  00000000  00000002  RWIX
  INT01                 0000ffe2   00000002  00000000  00000002  RWIX
  INT02                 0000ffe4   00000002  00000002  00000000  RWIX
  INT03                 0000ffe6   00000002  00000002  00000000  RWIX
  INT04                 0000ffe8   00000002  00000000  00000002  RWIX
  INT05                 0000ffea   00000002  00000002  00000000  RWIX
  INT06                 0000ffec   00000002  00000002  00000000  RWIX
  INT07                 0000ffee   00000002  00000002  00000000  RWIX
  INT08                 0000fff0   00000002  00000002  00000000  RWIX
  INT09                 0000fff2   00000002  00000002  00000000  RWIX
  INT10                 0000fff4   00000002  00000002  00000000  RWIX
  INT11                 0000fff6   00000002  00000002  00000000  RWIX
  INT12                 0000fff8   00000002  00000002  00000000  RWIX
  INT13                 0000fffa   00000002  00000002  00000000  RWIX
  INT14                 0000fffc   00000002  00000002  00000000  RWIX
  RESET                 0000fffe   00000002  00000002  00000000  RWIX


SECTION ALLOCATION MAP

 output                                  attributes/
section   page    origin      length       input sections
--------  ----  ----------  ----------   ----------------
.bss       0    00000200    00000036     UNINITIALIZED
                  00000200    00000010     (.common:test)
                  00000210    00000006     (.common:str1)
                  00000216    00000006     (.common:txBuffer)
                  0000021c    00000004     (.common:IntDegC)
                  00000220    00000004     (.common:str)
                  00000224    00000004     (.common:temp)
                  00000228    00000002     (.common:c_lower_byte)
                  0000022a    00000002     (.common:c_upper_byte)
                  0000022c    00000002     (.common:mm)
                  0000022e    00000002     (.common:x)
                  00000230    00000002     (.common:y)
                  00000232    00000001     (.common:x_lower_byte)
                  00000233    00000001     (.common:x_upper_byte)
                  00000234    00000001     (.common:y_lower_byte)
                  00000235    00000001     (.common:y_upper_byte)

.data      0    00000236    0000001f     UNINITIALIZED
                  00000236    00000016     main.obj (.data:adc)
                  0000024c    00000006     main.obj (.data)
                  00000252    00000001     CC1100-CC2500.obj (.data)
                  00000253    00000001     --HOLE--
                  00000254    00000001     CC1100-CC2500.obj (.data:paTable)

.stack     0    000003b0    00000050     UNINITIALIZED
                  000003b0    00000002     rts430_eabi.lib : boot.obj (.stack)
                  000003b2    0000004e     --HOLE--

.text      0    0000c000    00000dfa     
                  0000c000    00000410     main.obj (.text:main)
                  0000c410    0000021c     CC1100-CC2500.obj (.text:writeRFSettings)
                  0000c62c    0000008a     main.obj (.text:number)
                  0000c6b6    0000006e     rts430_eabi.lib : autoinit.obj (.text:_auto_init)
                  0000c724    00000064                     : copy_decompress_rle.obj (.text:__TI_decompress_rle_core)
                  0000c788    0000005a                     : cpy_tbl.obj (.text:copy_in)
                  0000c7e2    0000005a     main.obj (.text:int_char)
                  0000c83c    00000058     rts430_eabi.lib : div32u.obj (.text)
                  0000c894    0000004c     main.obj (.text:Timer_A)
                  0000c8e0    0000004a     main.obj (.text:SendByte)
                  0000c92a    00000048     main.obj (.text:Read_Acc)
                  0000c972    00000040     TI_CC_spi.obj (.text:TI_CC_SPIWriteBurstReg)
                  0000c9b2    00000040     rts430_eabi.lib : div32s.obj (.text)
                  0000c9f2    0000003e     main.obj (.text:InitializeLcm)
                  0000ca30    00000038     main.obj (.text:Port_1)
                  0000ca68    00000038     main.obj (.text:PulseLcm)
                  0000caa0    00000036     TI_CC_spi.obj (.text:TI_CC_SPISetup)
                  0000cad6    00000032     CC1100-CC2500.obj (.text:RFSendPacket)
                  0000cb08    00000032     TI_CC_spi.obj (.text:TI_CC_PowerupResetCCxxxx)
                  0000cb3a    00000030     TI_CC_spi.obj (.text:TI_CC_SPIReadReg)
                  0000cb6a    00000030     TI_CC_spi.obj (.text:TI_CC_SPIReadStatus)
                  0000cb9a    0000002c     rts430_eabi.lib : div16s.obj (.text)
                  0000cbc6    0000002c                     : lsl16.obj (.text)
                  0000cbf2    00000028     TI_CC_spi.obj (.text:TI_CC_SPIWriteReg)
                  0000cc1a    00000026     rts430_eabi.lib : mult32.obj (.text)
                  0000cc40    00000022     main.obj (.text:printResult)
                  0000cc62    0000001e     TI_CC_spi.obj (.text:TI_CC_SPIStrobe)
                  0000cc80    0000001c     main.obj (.text:LcmSetCursorPosition)
                  0000cc9c    0000001a     main.obj (.text:PrintStr)
                  0000ccb6    0000001a     main.obj (.text:Setup_HW)
                  0000ccd0    0000001a     rts430_eabi.lib : boot_special.obj (.text:_c_int00_noargs_noexit)
                  0000ccea    00000018     main.obj (.text:configIR)
                  0000cd02    00000016     main.obj (.text:disablePulseIR)
                  0000cd18    00000016     main.obj (.text:enablePulseIR)
                  0000cd2e    00000016     rts430_eabi.lib : div16u.obj (.text)
                  0000cd44    00000014     main.obj (.text:configT)
                  0000cd58    00000014     rts430_eabi.lib : mult16.obj (.text)
                  0000cd6c    00000012     main.obj (.text:Port_2)
                  0000cd7e    00000012     rts430_eabi.lib : copy_decompress_none.obj (.text:decompress:none:__TI_decompress_none)
                  0000cd90    00000012                     : memcpy.obj (.text:memcpy)
                  0000cda2    00000010     main.obj (.text:ClearLcmScreen)
                  0000cdb2    00000010     rts430_eabi.lib : epilog.obj (.text)
                  0000cdc2    0000000e     main.obj (.text:lcd_delay)
                  0000cdd0    0000000a     main.obj (.text:configIO)
                  0000cdda    00000008     rts430_eabi.lib : isr_trap.obj (.text:_isr:__TI_ISR_TRAP)
                  0000cde2    00000006                     : exit.obj (.text:abort)
                  0000cde8    00000006                     : copy_decompress_rle.obj (.text:decompress:rle24:__TI_decompress_rle24)
                  0000cdee    00000006     main.obj (.text:disableT)
                  0000cdf4    00000004     rts430_eabi.lib : pre_init.obj (.text:_system_pre_init)
                  0000cdf8    00000002                     : startup.obj (.text:_system_post_cinit)

.const     0    0000cdfa    0000013c     
                  0000cdfa    0000013c     main.obj (.const:.string)

.cinit     0    0000cf36    00000022     
                  0000cf36    0000000c     (.cinit..data.load) [load image, compression = rle]
                  0000cf42    00000009     (.cinit..bss.load) [load image, compression = rle]
                  0000cf4b    00000001     --HOLE-- [fill = 0]
                  0000cf4c    00000004     (__TI_handler_table)
                  0000cf50    00000008     (__TI_cinit_table)

.init_array 
*          0    0000c000    00000000     UNINITIALIZED

PORT1      0    0000ffe4    00000002     
                  0000ffe4    00000002     main.obj (.int02)

PORT2      0    0000ffe6    00000002     
                  0000ffe6    00000002     main.obj (.int03)

ADC10      0    0000ffea    00000002     
                  0000ffea    00000002     rts430_eabi.lib : int05.obj (.int05)

USCIAB0TX 
*          0    0000ffec    00000002     
                  0000ffec    00000002     rts430_eabi.lib : int06.obj (.int06)

USCIAB0RX 
*          0    0000ffee    00000002     
                  0000ffee    00000002     rts430_eabi.lib : int07.obj (.int07)

TIMER0_A1 
*          0    0000fff0    00000002     
                  0000fff0    00000002     rts430_eabi.lib : int08.obj (.int08)

TIMER0_A0 
*          0    0000fff2    00000002     
                  0000fff2    00000002     main.obj (.int09)

WDT        0    0000fff4    00000002     
                  0000fff4    00000002     rts430_eabi.lib : int10.obj (.int10)

COMPARATORA 
*          0    0000fff6    00000002     
                  0000fff6    00000002     rts430_eabi.lib : int11.obj (.int11)

TIMER1_A1 
*          0    0000fff8    00000002     
                  0000fff8    00000002     rts430_eabi.lib : int12.obj (.int12)

TIMER1_A0 
*          0    0000fffa    00000002     
                  0000fffa    00000002     rts430_eabi.lib : int13.obj (.int13)

NMI        0    0000fffc    00000002     
                  0000fffc    00000002     rts430_eabi.lib : int14.obj (.int14)

.reset     0    0000fffe    00000002     
                  0000fffe    00000002     rts430_eabi.lib : boot.obj (.reset)

MODULE SUMMARY

       Module                     code   ro data   rw data
       ------                     ----   -------   -------
    .\
       main.obj                   1930   322       82     
       CC1100-CC2500.obj          590    0         2      
       TI_CC_spi.obj              334    0         0      
    +--+--------------------------+------+---------+---------+
       Total:                     2854   322       84     
                                                          
    C:\ti\ccsv6\tools\compiler\msp430_15.12.3.LTS\lib\rts430_eabi.lib
       autoinit.obj               110    0         0      
       copy_decompress_rle.obj    106    0         0      
       cpy_tbl.obj                90     0         0      
       div32u.obj                 88     0         0      
       div32s.obj                 64     0         0      
       div16s.obj                 44     0         0      
       lsl16.obj                  44     0         0      
       mult32.obj                 38     0         0      
       boot_special.obj           26     0         0      
       div16u.obj                 22     0         0      
       mult16.obj                 20     0         0      
       copy_decompress_none.obj   18     0         0      
       memcpy.obj                 18     0         0      
       epilog.obj                 16     0         0      
       isr_trap.obj               8      0         0      
       exit.obj                   6      0         0      
       pre_init.obj               4      0         0      
       boot.obj                   0      2         0      
       int05.obj                  0      2         0      
       int06.obj                  0      2         0      
       int07.obj                  0      2         0      
       int08.obj                  0      2         0      
       int10.obj                  0      2         0      
       int11.obj                  0      2         0      
       int12.obj                  0      2         0      
       int13.obj                  0      2         0      
       int14.obj                  0      2         0      
       startup.obj                2      0         0      
    +--+--------------------------+------+---------+---------+
       Total:                     724    20        0      
                                                          
       Stack:                     0      0         80     
       Linker Generated:          0      33        0      
    +--+--------------------------+------+---------+---------+
       Grand Total:               3578   375       164    


LINKER GENERATED COPY TABLES

__TI_cinit_table @ 0000cf50 records: 2, size/record: 4, table size: 8
	.data: load addr=0000cf36, load size=0000000c bytes, run addr=00000236, run size=0000001f bytes, compression=rle
	.bss: load addr=0000cf42, load size=00000009 bytes, run addr=00000200, run size=00000036 bytes, compression=rle


LINKER GENERATED HANDLER TABLE

__TI_handler_table @ 0000cf4c records: 2, size/record: 2, table size: 4
	index: 0, handler: __TI_decompress_rle24
	index: 1, handler: __TI_decompress_none


GLOBAL SYMBOLS: SORTED ALPHABETICALLY BY Name 

address   name                    
-------   ----                    
0000004a  ADC10AE0                
000001b0  ADC10CTL0               
000001b2  ADC10CTL1               
00000048  ADC10DTC0               
00000049  ADC10DTC1               
000001b4  ADC10MEM                
000001bc  ADC10SA                 
00000057  BCSCTL1                 
00000058  BCSCTL2                 
00000053  BCSCTL3                 
0000cde2  C$$EXIT                 
00000059  CACTL1                  
0000005a  CACTL2                  
000010fb  CALBC1_12MHZ            
000010f9  CALBC1_16MHZ            
000010ff  CALBC1_1MHZ             
000010fd  CALBC1_8MHZ             
000010fa  CALDCO_12MHZ            
000010f8  CALDCO_16MHZ            
000010fe  CALDCO_1MHZ             
000010fc  CALDCO_8MHZ             
0000005b  CAPD                    
0000cda2  ClearLcmScreen          
00000056  DCOCTL                  
00000128  FCTL1                   
0000012a  FCTL2                   
0000012c  FCTL3                   
00000000  IE1                     
00000001  IE2                     
00000002  IFG1                    
00000003  IFG2                    
0000c9f2  InitializeLcm           
0000021c  IntDegC                 
0000cc80  LcmSetCursorPosition    
00000022  P1DIR                   
00000025  P1IE                    
00000024  P1IES                   
00000023  P1IFG                   
00000020  P1IN                    
00000021  P1OUT                   
00000027  P1REN                   
00000026  P1SEL                   
00000041  P1SEL2                  
0000002a  P2DIR                   
0000002d  P2IE                    
0000002c  P2IES                   
0000002b  P2IFG                   
00000028  P2IN                    
00000029  P2OUT                   
0000002f  P2REN                   
0000002e  P2SEL                   
00000042  P2SEL2                  
0000001a  P3DIR                   
00000018  P3IN                    
00000019  P3OUT                   
00000010  P3REN                   
0000001b  P3SEL                   
00000043  P3SEL2                  
0000ca30  Port_1                  
0000cd6c  Port_2                  
0000cc9c  PrintStr                
0000ca68  PulseLcm                
0000cad6  RFSendPacket            
0000c92a  Read_Acc                
0000c8e0  SendByte                
0000ccb6  Setup_HW                
00000172  TA0CCR0                 
00000174  TA0CCR1                 
00000176  TA0CCR2                 
00000162  TA0CCTL0                
00000164  TA0CCTL1                
00000166  TA0CCTL2                
00000160  TA0CTL                  
0000012e  TA0IV                   
00000170  TA0R                    
00000192  TA1CCR0                 
00000194  TA1CCR1                 
00000196  TA1CCR2                 
00000182  TA1CCTL0                
00000184  TA1CCTL1                
00000186  TA1CCTL2                
00000180  TA1CTL                  
0000011e  TA1IV                   
00000190  TA1R                    
0000cb08  TI_CC_PowerupResetCCxxxx
0000cb3a  TI_CC_SPIReadReg        
0000cb6a  TI_CC_SPIReadStatus     
0000caa0  TI_CC_SPISetup          
0000cc62  TI_CC_SPIStrobe         
0000c972  TI_CC_SPIWriteBurstReg  
0000cbf2  TI_CC_SPIWriteReg       
000010db  TLV_ADC10_1_LEN         
000010da  TLV_ADC10_1_TAG         
000010c0  TLV_CHECKSUM            
000010f7  TLV_DCO_30_LEN          
000010f6  TLV_DCO_30_TAG          
0000c894  Timer_A                 
0000005d  UCA0ABCTL               
00000062  UCA0BR0                 
00000063  UCA0BR1                 
00000060  UCA0CTL0                
00000061  UCA0CTL1                
0000005f  UCA0IRRCTL              
0000005e  UCA0IRTCTL              
00000064  UCA0MCTL                
00000066  UCA0RXBUF               
00000065  UCA0STAT                
00000067  UCA0TXBUF               
0000006a  UCB0BR0                 
0000006b  UCB0BR1                 
00000068  UCB0CTL0                
00000069  UCB0CTL1                
0000006c  UCB0I2CIE               
00000118  UCB0I2COA               
0000011a  UCB0I2CSA               
0000006e  UCB0RXBUF               
0000006d  UCB0STAT                
0000006f  UCB0TXBUF               
00000120  WDTCTL                  
00000400  __STACK_END             
00000050  __STACK_SIZE            
UNDEFED   __TI_BINIT_Base         
UNDEFED   __TI_BINIT_Limit        
0000cf50  __TI_CINIT_Base         
0000cf58  __TI_CINIT_Limit        
0000cf4c  __TI_Handler_Table_Base 
0000cf50  __TI_Handler_Table_Limit
UNDEFED   __TI_INITARRAY_Base     
UNDEFED   __TI_INITARRAY_Limit    
0000cdda  __TI_ISR_TRAP           
0000cd7e  __TI_decompress_none    
0000cde8  __TI_decompress_rle24   
0000ffe4  __TI_int02              
0000ffe6  __TI_int03              
0000ffea  __TI_int05              
0000ffec  __TI_int06              
0000ffee  __TI_int07              
0000fff0  __TI_int08              
0000fff2  __TI_int09              
0000fff4  __TI_int10              
0000fff6  __TI_int11              
0000fff8  __TI_int12              
0000fffa  __TI_int13              
0000fffc  __TI_int14              
ffffffff  __TI_pprof_out_hndl     
ffffffff  __TI_prof_data_size     
ffffffff  __TI_prof_data_start    
ffffffff  __c_args__              
0000cb9a  __mspabi_divi           
0000c9b2  __mspabi_divli          
0000cd2e  __mspabi_divu           
0000c83c  __mspabi_divul          
0000cdbe  __mspabi_func_epilog_1  
0000cdbc  __mspabi_func_epilog_2  
0000cdba  __mspabi_func_epilog_3  
0000cdb8  __mspabi_func_epilog_4  
0000cdb6  __mspabi_func_epilog_5  
0000cdb4  __mspabi_func_epilog_6  
0000cdb2  __mspabi_func_epilog_7  
0000cd58  __mspabi_mpyi           
0000cd58  __mspabi_mpyi_sw        
0000cc1a  __mspabi_mpyl           
0000cc1a  __mspabi_mpyl_sw        
0000cb9a  __mspabi_remi           
0000c9b2  __mspabi_remli          
0000cd2e  __mspabi_remu           
0000c83c  __mspabi_remul          
0000cbc6  __mspabi_slli           
0000cbee  __mspabi_slli_1         
0000cbdc  __mspabi_slli_10        
0000cbda  __mspabi_slli_11        
0000cbd8  __mspabi_slli_12        
0000cbd6  __mspabi_slli_13        
0000cbd4  __mspabi_slli_14        
0000cbd2  __mspabi_slli_15        
0000cbec  __mspabi_slli_2         
0000cbea  __mspabi_slli_3         
0000cbe8  __mspabi_slli_4         
0000cbe6  __mspabi_slli_5         
0000cbe4  __mspabi_slli_6         
0000cbe2  __mspabi_slli_7         
0000cbe0  __mspabi_slli_8         
0000cbde  __mspabi_slli_9         
0000c6b6  _auto_init              
0000ccd0  _c_int00_noargs_noexit  
0000fffe  _reset_vector           
000003b0  _stack                  
0000cdf8  _system_post_cinit      
0000cdf4  _system_pre_init        
0000cde2  abort                   
00000236  adc                     
00000250  c                       
00000228  c_lower_byte            
0000022a  c_upper_byte            
0000cdd0  configIO                
0000ccea  configIR                
0000cd44  configT                 
0000c788  copy_in                 
0000cd02  disablePulseIR          
0000cdee  disableT                
0000cd18  enablePulseIR           
0000024c  i                       
0000c7e2  int_char                
0000024e  j                       
0000cdc2  lcd_delay               
0000c000  main                    
0000cd90  memcpy                  
0000022c  mm                      
0000c62c  number                  
00000254  paTable                 
00000252  paTableLen              
0000cc40  printResult             
00000220  str                     
00000210  str1                    
00000224  temp                    
00000200  test                    
00000216  txBuffer                
0000c410  writeRFSettings         
0000022e  x                       
00000232  x_lower_byte            
00000233  x_upper_byte            
00000230  y                       
00000234  y_lower_byte            
00000235  y_upper_byte            


GLOBAL SYMBOLS: SORTED BY Symbol Address 

address   name                    
-------   ----                    
00000000  IE1                     
00000001  IE2                     
00000002  IFG1                    
00000003  IFG2                    
00000010  P3REN                   
00000018  P3IN                    
00000019  P3OUT                   
0000001a  P3DIR                   
0000001b  P3SEL                   
00000020  P1IN                    
00000021  P1OUT                   
00000022  P1DIR                   
00000023  P1IFG                   
00000024  P1IES                   
00000025  P1IE                    
00000026  P1SEL                   
00000027  P1REN                   
00000028  P2IN                    
00000029  P2OUT                   
0000002a  P2DIR                   
0000002b  P2IFG                   
0000002c  P2IES                   
0000002d  P2IE                    
0000002e  P2SEL                   
0000002f  P2REN                   
00000041  P1SEL2                  
00000042  P2SEL2                  
00000043  P3SEL2                  
00000048  ADC10DTC0               
00000049  ADC10DTC1               
0000004a  ADC10AE0                
00000050  __STACK_SIZE            
00000053  BCSCTL3                 
00000056  DCOCTL                  
00000057  BCSCTL1                 
00000058  BCSCTL2                 
00000059  CACTL1                  
0000005a  CACTL2                  
0000005b  CAPD                    
0000005d  UCA0ABCTL               
0000005e  UCA0IRTCTL              
0000005f  UCA0IRRCTL              
00000060  UCA0CTL0                
00000061  UCA0CTL1                
00000062  UCA0BR0                 
00000063  UCA0BR1                 
00000064  UCA0MCTL                
00000065  UCA0STAT                
00000066  UCA0RXBUF               
00000067  UCA0TXBUF               
00000068  UCB0CTL0                
00000069  UCB0CTL1                
0000006a  UCB0BR0                 
0000006b  UCB0BR1                 
0000006c  UCB0I2CIE               
0000006d  UCB0STAT                
0000006e  UCB0RXBUF               
0000006f  UCB0TXBUF               
00000118  UCB0I2COA               
0000011a  UCB0I2CSA               
0000011e  TA1IV                   
00000120  WDTCTL                  
00000128  FCTL1                   
0000012a  FCTL2                   
0000012c  FCTL3                   
0000012e  TA0IV                   
00000160  TA0CTL                  
00000162  TA0CCTL0                
00000164  TA0CCTL1                
00000166  TA0CCTL2                
00000170  TA0R                    
00000172  TA0CCR0                 
00000174  TA0CCR1                 
00000176  TA0CCR2                 
00000180  TA1CTL                  
00000182  TA1CCTL0                
00000184  TA1CCTL1                
00000186  TA1CCTL2                
00000190  TA1R                    
00000192  TA1CCR0                 
00000194  TA1CCR1                 
00000196  TA1CCR2                 
000001b0  ADC10CTL0               
000001b2  ADC10CTL1               
000001b4  ADC10MEM                
000001bc  ADC10SA                 
00000200  test                    
00000210  str1                    
00000216  txBuffer                
0000021c  IntDegC                 
00000220  str                     
00000224  temp                    
00000228  c_lower_byte            
0000022a  c_upper_byte            
0000022c  mm                      
0000022e  x                       
00000230  y                       
00000232  x_lower_byte            
00000233  x_upper_byte            
00000234  y_lower_byte            
00000235  y_upper_byte            
00000236  adc                     
0000024c  i                       
0000024e  j                       
00000250  c                       
00000252  paTableLen              
00000254  paTable                 
000003b0  _stack                  
00000400  __STACK_END             
000010c0  TLV_CHECKSUM            
000010da  TLV_ADC10_1_TAG         
000010db  TLV_ADC10_1_LEN         
000010f6  TLV_DCO_30_TAG          
000010f7  TLV_DCO_30_LEN          
000010f8  CALDCO_16MHZ            
000010f9  CALBC1_16MHZ            
000010fa  CALDCO_12MHZ            
000010fb  CALBC1_12MHZ            
000010fc  CALDCO_8MHZ             
000010fd  CALBC1_8MHZ             
000010fe  CALDCO_1MHZ             
000010ff  CALBC1_1MHZ             
0000c000  main                    
0000c410  writeRFSettings         
0000c62c  number                  
0000c6b6  _auto_init              
0000c788  copy_in                 
0000c7e2  int_char                
0000c83c  __mspabi_divul          
0000c83c  __mspabi_remul          
0000c894  Timer_A                 
0000c8e0  SendByte                
0000c92a  Read_Acc                
0000c972  TI_CC_SPIWriteBurstReg  
0000c9b2  __mspabi_divli          
0000c9b2  __mspabi_remli          
0000c9f2  InitializeLcm           
0000ca30  Port_1                  
0000ca68  PulseLcm                
0000caa0  TI_CC_SPISetup          
0000cad6  RFSendPacket            
0000cb08  TI_CC_PowerupResetCCxxxx
0000cb3a  TI_CC_SPIReadReg        
0000cb6a  TI_CC_SPIReadStatus     
0000cb9a  __mspabi_divi           
0000cb9a  __mspabi_remi           
0000cbc6  __mspabi_slli           
0000cbd2  __mspabi_slli_15        
0000cbd4  __mspabi_slli_14        
0000cbd6  __mspabi_slli_13        
0000cbd8  __mspabi_slli_12        
0000cbda  __mspabi_slli_11        
0000cbdc  __mspabi_slli_10        
0000cbde  __mspabi_slli_9         
0000cbe0  __mspabi_slli_8         
0000cbe2  __mspabi_slli_7         
0000cbe4  __mspabi_slli_6         
0000cbe6  __mspabi_slli_5         
0000cbe8  __mspabi_slli_4         
0000cbea  __mspabi_slli_3         
0000cbec  __mspabi_slli_2         
0000cbee  __mspabi_slli_1         
0000cbf2  TI_CC_SPIWriteReg       
0000cc1a  __mspabi_mpyl           
0000cc1a  __mspabi_mpyl_sw        
0000cc40  printResult             
0000cc62  TI_CC_SPIStrobe         
0000cc80  LcmSetCursorPosition    
0000cc9c  PrintStr                
0000ccb6  Setup_HW                
0000ccd0  _c_int00_noargs_noexit  
0000ccea  configIR                
0000cd02  disablePulseIR          
0000cd18  enablePulseIR           
0000cd2e  __mspabi_divu           
0000cd2e  __mspabi_remu           
0000cd44  configT                 
0000cd58  __mspabi_mpyi           
0000cd58  __mspabi_mpyi_sw        
0000cd6c  Port_2                  
0000cd7e  __TI_decompress_none    
0000cd90  memcpy                  
0000cda2  ClearLcmScreen          
0000cdb2  __mspabi_func_epilog_7  
0000cdb4  __mspabi_func_epilog_6  
0000cdb6  __mspabi_func_epilog_5  
0000cdb8  __mspabi_func_epilog_4  
0000cdba  __mspabi_func_epilog_3  
0000cdbc  __mspabi_func_epilog_2  
0000cdbe  __mspabi_func_epilog_1  
0000cdc2  lcd_delay               
0000cdd0  configIO                
0000cdda  __TI_ISR_TRAP           
0000cde2  C$$EXIT                 
0000cde2  abort                   
0000cde8  __TI_decompress_rle24   
0000cdee  disableT                
0000cdf4  _system_pre_init        
0000cdf8  _system_post_cinit      
0000cf4c  __TI_Handler_Table_Base 
0000cf50  __TI_CINIT_Base         
0000cf50  __TI_Handler_Table_Limit
0000cf58  __TI_CINIT_Limit        
0000ffe4  __TI_int02              
0000ffe6  __TI_int03              
0000ffea  __TI_int05              
0000ffec  __TI_int06              
0000ffee  __TI_int07              
0000fff0  __TI_int08              
0000fff2  __TI_int09              
0000fff4  __TI_int10              
0000fff6  __TI_int11              
0000fff8  __TI_int12              
0000fffa  __TI_int13              
0000fffc  __TI_int14              
0000fffe  _reset_vector           
ffffffff  __TI_pprof_out_hndl     
ffffffff  __TI_prof_data_size     
ffffffff  __TI_prof_data_start    
ffffffff  __c_args__              
UNDEFED   __TI_BINIT_Base         
UNDEFED   __TI_BINIT_Limit        
UNDEFED   __TI_INITARRAY_Base     
UNDEFED   __TI_INITARRAY_Limit    

[224 symbols]
